
Warning: This is a simple server for use in testing or debugging Angular applications
locally. It hasn't been reviewed for security issues.

Binding this server to an open connection can result in compromising your application or
computer. Using a different host than the one passed to the "--host" flag might result in
websocket connection issues.
    
❯ Building...
✔ Building...
Initial chunk files | Names           | Raw size
main.js             | main            | 38.77 kB | 
styles.css          | styles          |  3.04 kB | 

                    | Initial total   | 41.81 kB

Lazy chunk files    | Names           | Raw size
chunk-GKEONBRV.js   | typography      | 14.61 kB | 
chunk-DN2KNS5S.js   | autocomplete    | 13.56 kB | 
chunk-CTASIXBC.js   | accordion       | 12.44 kB | 
chunk-ECTH43BZ.js   | alert-dialog    | 12.32 kB | 
chunk-SUR4CFBZ.js   | alert           | 11.52 kB | 
chunk-L5SMJWZ7.js   | aspect-ratio    | 10.62 kB | 
chunk-35WM65PA.js   | introduction    |  8.27 kB | 
chunk-S34BH27P.js   | installation    |  7.36 kB | 
chunk-EVCBFQMH.js   | components-json |  7.27 kB | 
chunk-MONR73L7.js   | theming         |  6.14 kB | 
chunk-TWKE54HV.js   | dark-mode       |  5.36 kB | 

Application bundle generation complete. [4.441 seconds] - 2026-05-31T20:23:43.097Z

Watch mode enabled. Watching for file changes...
NOTE: Raw file sizes do not reflect development server per-request transformations.
  ➜  Local:   http://localhost:4200/
  ➜  Network: http://10.88.0.4:4200/
❯ Changes detected. Rebuilding...
✔ Changes detected. Rebuilding...
Initial chunk files | Names  | Raw size
styles.css          | styles |  3.92 kB | 

Application bundle generation complete. [0.026 seconds] - 2026-05-31T20:25:38.089Z

Stylesheet update sent to client(s).
❯ Changes detected. Rebuilding...
✔ Changes detected. Rebuilding...
Initial chunk files | Names  | Raw size
styles.css          | styles |  3.90 kB | 

Application bundle generation complete. [0.028 seconds] - 2026-05-31T20:28:00.965Z

Stylesheet update sent to client(s).
❯ Changes detected. Rebuilding...
✔ Changes detected. Rebuilding...
Application bundle generation failed. [1.451 seconds] - 2026-05-31T20:34:15.356Z

[31m✘ [41;31m[[41;97mERROR[41;31m][0m [1mUnexpected ";"[0m

    src/app/pages/avatar/avatar.ts:4:16:
[37m      4 │     usageCode = [32m;[37m
        ╵                 [32m^[0m


[31m✘ [41;31m[[41;97mERROR[41;31m][0m [1mTS1127: Invalid character.[0m [1m[35m[plugin angular-compiler][0m

    src/app/pages/avatar/avatar.ts:89:14:
[37m      89 │   usageCode = [32m[37m\`import { HlmAvatarImports } from '@spartan-ng/helm...
         ╵               [32m^[0m


[31m✘ [41;31m[[41;97mERROR[41;31m][0m [1mTS1068: Unexpected token. A constructor, method, accessor, or property was expected.[0m [1m[35m[plugin angular-compiler][0m

    src/app/pages/avatar/avatar.ts:89:15:
[37m      89 │ ...geCode = \[32m`import { HlmAvatarImports } from '@spartan-ng/helm/a[37m...
         ╵              [32m~~~~~~~~~~~~~~~~~~~~~~~~~~~~~~~~~~~~~~~~~~~~~~~~~~~~~[0m


[31m✘ [41;31m[[41;97mERROR[41;31m][0m [1mTS1160: Unterminated template literal.[0m [1m[35m[plugin angular-compiler][0m

    src/app/pages/avatar/avatar.ts:102:0:
[37m      102 │ [32m[37m
          ╵ [32m^[0m


[31m✘ [41;31m[[41;97mERROR[41;31m][0m [1mUnexpected ";"[0m

    src/app/pages/badge/badge.ts:4:16:
[37m      4 │     usageCode = [32m;[37m
        ╵                 [32m^[0m


[31m✘ [41;31m[[41;97mERROR[41;31m][0m [1mTS1127: Invalid character.[0m [1m[35m[plugin angular-compiler][0m

    src/app/pages/badge/badge.ts:95:14:
[37m      95 │   usageCode = [32m[37m\`import { HlmBadgeImports } from '@spartan-ng/helm/...
         ╵               [32m^[0m


[31m✘ [41;31m[[41;97mERROR[41;31m][0m [1mTS1068: Unexpected token. A constructor, method, accessor, or property was expected.[0m [1m[35m[plugin angular-compiler][0m

    src/app/pages/badge/badge.ts:95:15:
[37m      95 │ ...geCode = \[32m`import { HlmBadgeImports } from '@spartan-ng/helm/ba[37m...
         ╵              [32m~~~~~~~~~~~~~~~~~~~~~~~~~~~~~~~~~~~~~~~~~~~~~~~~~~~~~[0m


[31m✘ [41;31m[[41;97mERROR[41;31m][0m [1mTS1160: Unterminated template literal.[0m [1m[35m[plugin angular-compiler][0m

    src/app/pages/badge/badge.ts:106:0:
[37m      106 │ [32m[37m
          ╵ [32m^[0m


[31m✘ [41;31m[[41;97mERROR[41;31m][0m [1mUnexpected ";"[0m

    src/app/pages/breadcrumb/breadcrumb.ts:4:16:
[37m      4 │     usageCode = [32m;[37m
        ╵                 [32m^[0m


[31m✘ [41;31m[[41;97mERROR[41;31m][0m [1mTS1127: Invalid character.[0m [1m[35m[plugin angular-compiler][0m

    src/app/pages/breadcrumb/breadcrumb.ts:89:14:
[37m      89 │   usageCode = [32m[37m\`import { HlmBreadcrumbImports } from '@spartan-ng/...
         ╵               [32m^[0m


[31m✘ [41;31m[[41;97mERROR[41;31m][0m [1mTS1068: Unexpected token. A constructor, method, accessor, or property was expected.[0m [1m[35m[plugin angular-compiler][0m

    src/app/pages/breadcrumb/breadcrumb.ts:89:15:
[37m      89 │ ...geCode = \[32m`import { HlmBreadcrumbImports } from '@spartan-ng/he[37m...
         ╵              [32m~~~~~~~~~~~~~~~~~~~~~~~~~~~~~~~~~~~~~~~~~~~~~~~~~~~~~[0m


[31m✘ [41;31m[[41;97mERROR[41;31m][0m [1mTS1160: Unterminated template literal.[0m [1m[35m[plugin angular-compiler][0m

    src/app/pages/breadcrumb/breadcrumb.ts:109:0:
[37m      109 │ [32m[37m
          ╵ [32m^[0m


[31m✘ [41;31m[[41;97mERROR[41;31m][0m [1mUnexpected ";"[0m

    src/app/pages/button-group/button-group.ts:4:16:
[37m      4 │     usageCode = [32m;[37m
        ╵                 [32m^[0m


[31m✘ [41;31m[[41;97mERROR[41;31m][0m [1mTS1127: Invalid character.[0m [1m[35m[plugin angular-compiler][0m

    src/app/pages/button-group/button-group.ts:96:14:
[37m      96 │   usageCode = [32m[37m\`import { HlmButtonGroupImports, HlmButtonImports }...
         ╵               [32m^[0m


[31m✘ [41;31m[[41;97mERROR[41;31m][0m [1mTS1068: Unexpected token. A constructor, method, accessor, or property was expected.[0m [1m[35m[plugin angular-compiler][0m

    src/app/pages/button-group/button-group.ts:96:15:
[37m      96 │ ...geCode = \[32m`import { HlmButtonGroupImports, HlmButtonImports } f[37m...
         ╵              [32m~~~~~~~~~~~~~~~~~~~~~~~~~~~~~~~~~~~~~~~~~~~~~~~~~~~~~[0m


[31m✘ [41;31m[[41;97mERROR[41;31m][0m [1mTS1160: Unterminated template literal.[0m [1m[35m[plugin angular-compiler][0m

    src/app/pages/button-group/button-group.ts:110:0:
[37m      110 │ [32m[37m
          ╵ [32m^[0m


[31m✘ [41;31m[[41;97mERROR[41;31m][0m [1mUnexpected ";"[0m

    src/app/pages/button/button.ts:4:16:
[37m      4 │     usageCode = [32m;[37m
        ╵                 [32m^[0m


[31m✘ [41;31m[[41;97mERROR[41;31m][0m [1mTS1127: Invalid character.[0m [1m[35m[plugin angular-compiler][0m

    src/app/pages/button/button.ts:108:14:
[37m      108 │   usageCode = [32m[37m\`import { HlmButtonImports } from '@spartan-ng/hel...
          ╵               [32m^[0m


[31m✘ [41;31m[[41;97mERROR[41;31m][0m [1mTS1068: Unexpected token. A constructor, method, accessor, or property was expected.[0m [1m[35m[plugin angular-compiler][0m

    src/app/pages/button/button.ts:108:15:
[37m      108 │ ...geCode = \[32m`import { HlmButtonImports } from '@spartan-ng/helm/[37m...
          ╵              [32m~~~~~~~~~~~~~~~~~~~~~~~~~~~~~~~~~~~~~~~~~~~~~~~~~~~~[0m


[31m✘ [41;31m[[41;97mERROR[41;31m][0m [1mTS1160: Unterminated template literal.[0m [1m[35m[plugin angular-compiler][0m

    src/app/pages/button/button.ts:118:0:
[37m      118 │ [32m[37m
          ╵ [32m^[0m


❯ Changes detected. Rebuilding...
✔ Changes detected. Rebuilding...
Application bundle generation failed. [0.907 seconds] - 2026-05-31T20:34:27.607Z

[31m✘ [41;31m[[41;97mERROR[41;31m][0m [1mUnexpected ";"[0m

    src/app/pages/avatar/avatar.ts:4:16:
[37m      4 │     usageCode = [32m;[37m
        ╵                 [32m^[0m


[31m✘ [41;31m[[41;97mERROR[41;31m][0m [1mTS1127: Invalid character.[0m [1m[35m[plugin angular-compiler][0m

    src/app/pages/avatar/avatar.ts:89:14:
[37m      89 │   usageCode = [32m[37m\`import { HlmAvatarImports } from '@spartan-ng/helm...
         ╵               [32m^[0m


[31m✘ [41;31m[[41;97mERROR[41;31m][0m [1mTS1068: Unexpected token. A constructor, method, accessor, or property was expected.[0m [1m[35m[plugin angular-compiler][0m

    src/app/pages/avatar/avatar.ts:89:15:
[37m      89 │ ...geCode = \[32m`import { HlmAvatarImports } from '@spartan-ng/helm/a[37m...
         ╵              [32m~~~~~~~~~~~~~~~~~~~~~~~~~~~~~~~~~~~~~~~~~~~~~~~~~~~~~[0m


[31m✘ [41;31m[[41;97mERROR[41;31m][0m [1mTS1160: Unterminated template literal.[0m [1m[35m[plugin angular-compiler][0m

    src/app/pages/avatar/avatar.ts:102:0:
[37m      102 │ [32m[37m
          ╵ [32m^[0m


[31m✘ [41;31m[[41;97mERROR[41;31m][0m [1mUnexpected ";"[0m

    src/app/pages/badge/badge.ts:4:16:
[37m      4 │     usageCode = [32m;[37m
        ╵                 [32m^[0m


[31m✘ [41;31m[[41;97mERROR[41;31m][0m [1mTS1127: Invalid character.[0m [1m[35m[plugin angular-compiler][0m

    src/app/pages/badge/badge.ts:95:14:
[37m      95 │   usageCode = [32m[37m\`import { HlmBadgeImports } from '@spartan-ng/helm/...
         ╵               [32m^[0m


[31m✘ [41;31m[[41;97mERROR[41;31m][0m [1mTS1068: Unexpected token. A constructor, method, accessor, or property was expected.[0m [1m[35m[plugin angular-compiler][0m

    src/app/pages/badge/badge.ts:95:15:
[37m      95 │ ...geCode = \[32m`import { HlmBadgeImports } from '@spartan-ng/helm/ba[37m...
         ╵              [32m~~~~~~~~~~~~~~~~~~~~~~~~~~~~~~~~~~~~~~~~~~~~~~~~~~~~~[0m


[31m✘ [41;31m[[41;97mERROR[41;31m][0m [1mTS1160: Unterminated template literal.[0m [1m[35m[plugin angular-compiler][0m

    src/app/pages/badge/badge.ts:106:0:
[37m      106 │ [32m[37m
          ╵ [32m^[0m


[31m✘ [41;31m[[41;97mERROR[41;31m][0m [1mUnexpected ";"[0m

    src/app/pages/breadcrumb/breadcrumb.ts:4:16:
[37m      4 │     usageCode = [32m;[37m
        ╵                 [32m^[0m


[31m✘ [41;31m[[41;97mERROR[41;31m][0m [1mTS1127: Invalid character.[0m [1m[35m[plugin angular-compiler][0m

    src/app/pages/breadcrumb/breadcrumb.ts:89:14:
[37m      89 │   usageCode = [32m[37m\`import { HlmBreadcrumbImports } from '@spartan-ng/...
         ╵               [32m^[0m


[31m✘ [41;31m[[41;97mERROR[41;31m][0m [1mTS1068: Unexpected token. A constructor, method, accessor, or property was expected.[0m [1m[35m[plugin angular-compiler][0m

    src/app/pages/breadcrumb/breadcrumb.ts:89:15:
[37m      89 │ ...geCode = \[32m`import { HlmBreadcrumbImports } from '@spartan-ng/he[37m...
         ╵              [32m~~~~~~~~~~~~~~~~~~~~~~~~~~~~~~~~~~~~~~~~~~~~~~~~~~~~~[0m


[31m✘ [41;31m[[41;97mERROR[41;31m][0m [1mTS1160: Unterminated template literal.[0m [1m[35m[plugin angular-compiler][0m

    src/app/pages/breadcrumb/breadcrumb.ts:109:0:
[37m      109 │ [32m[37m
          ╵ [32m^[0m


[31m✘ [41;31m[[41;97mERROR[41;31m][0m [1mUnexpected ";"[0m

    src/app/pages/button-group/button-group.ts:4:16:
[37m      4 │     usageCode = [32m;[37m
        ╵                 [32m^[0m


[31m✘ [41;31m[[41;97mERROR[41;31m][0m [1mTS1127: Invalid character.[0m [1m[35m[plugin angular-compiler][0m

    src/app/pages/button-group/button-group.ts:96:14:
[37m      96 │   usageCode = [32m[37m\`import { HlmButtonGroupImports, HlmButtonImports }...
         ╵               [32m^[0m


[31m✘ [41;31m[[41;97mERROR[41;31m][0m [1mTS1068: Unexpected token. A constructor, method, accessor, or property was expected.[0m [1m[35m[plugin angular-compiler][0m

    src/app/pages/button-group/button-group.ts:96:15:
[37m      96 │ ...geCode = \[32m`import { HlmButtonGroupImports, HlmButtonImports } f[37m...
         ╵              [32m~~~~~~~~~~~~~~~~~~~~~~~~~~~~~~~~~~~~~~~~~~~~~~~~~~~~~[0m


[31m✘ [41;31m[[41;97mERROR[41;31m][0m [1mTS1160: Unterminated template literal.[0m [1m[35m[plugin angular-compiler][0m

    src/app/pages/button-group/button-group.ts:110:0:
[37m      110 │ [32m[37m
          ╵ [32m^[0m


[31m✘ [41;31m[[41;97mERROR[41;31m][0m [1mUnexpected ";"[0m

    src/app/pages/button/button.ts:4:16:
[37m      4 │     usageCode = [32m;[37m
        ╵                 [32m^[0m


[31m✘ [41;31m[[41;97mERROR[41;31m][0m [1mTS1127: Invalid character.[0m [1m[35m[plugin angular-compiler][0m

    src/app/pages/button/button.ts:108:14:
[37m      108 │   usageCode = [32m[37m\`import { HlmButtonImports } from '@spartan-ng/hel...
          ╵               [32m^[0m


[31m✘ [41;31m[[41;97mERROR[41;31m][0m [1mTS1068: Unexpected token. A constructor, method, accessor, or property was expected.[0m [1m[35m[plugin angular-compiler][0m

    src/app/pages/button/button.ts:108:15:
[37m      108 │ ...geCode = \[32m`import { HlmButtonImports } from '@spartan-ng/helm/[37m...
          ╵              [32m~~~~~~~~~~~~~~~~~~~~~~~~~~~~~~~~~~~~~~~~~~~~~~~~~~~~[0m


[31m✘ [41;31m[[41;97mERROR[41;31m][0m [1mTS1160: Unterminated template literal.[0m [1m[35m[plugin angular-compiler][0m

    src/app/pages/button/button.ts:118:0:
[37m      118 │ [32m[37m
          ╵ [32m^[0m


❯ Changes detected. Rebuilding...
✔ Changes detected. Rebuilding...
Application bundle generation failed. [0.534 seconds] - 2026-05-31T20:35:08.459Z

[31m✘ [41;31m[[41;97mERROR[41;31m][0m [1mUnexpected ";"[0m

    src/app/pages/badge/badge.ts:4:16:
[37m      4 │     usageCode = [32m;[37m
        ╵                 [32m^[0m


[31m✘ [41;31m[[41;97mERROR[41;31m][0m [1mTS1127: Invalid character.[0m [1m[35m[plugin angular-compiler][0m

    src/app/pages/badge/badge.ts:95:14:
[37m      95 │   usageCode = [32m[37m\`import { HlmBadgeImports } from '@spartan-ng/helm/...
         ╵               [32m^[0m


[31m✘ [41;31m[[41;97mERROR[41;31m][0m [1mTS1068: Unexpected token. A constructor, method, accessor, or property was expected.[0m [1m[35m[plugin angular-compiler][0m

    src/app/pages/badge/badge.ts:95:15:
[37m      95 │ ...geCode = \[32m`import { HlmBadgeImports } from '@spartan-ng/helm/ba[37m...
         ╵              [32m~~~~~~~~~~~~~~~~~~~~~~~~~~~~~~~~~~~~~~~~~~~~~~~~~~~~~[0m


[31m✘ [41;31m[[41;97mERROR[41;31m][0m [1mTS1160: Unterminated template literal.[0m [1m[35m[plugin angular-compiler][0m

    src/app/pages/badge/badge.ts:106:0:
[37m      106 │ [32m[37m
          ╵ [32m^[0m


[31m✘ [41;31m[[41;97mERROR[41;31m][0m [1mUnexpected ";"[0m

    src/app/pages/breadcrumb/breadcrumb.ts:4:16:
[37m      4 │     usageCode = [32m;[37m
        ╵                 [32m^[0m


[31m✘ [41;31m[[41;97mERROR[41;31m][0m [1mTS1127: Invalid character.[0m [1m[35m[plugin angular-compiler][0m

    src/app/pages/breadcrumb/breadcrumb.ts:89:14:
[37m      89 │   usageCode = [32m[37m\`import { HlmBreadcrumbImports } from '@spartan-ng/...
         ╵               [32m^[0m


[31m✘ [41;31m[[41;97mERROR[41;31m][0m [1mTS1068: Unexpected token. A constructor, method, accessor, or property was expected.[0m [1m[35m[plugin angular-compiler][0m

    src/app/pages/breadcrumb/breadcrumb.ts:89:15:
[37m      89 │ ...geCode = \[32m`import { HlmBreadcrumbImports } from '@spartan-ng/he[37m...
         ╵              [32m~~~~~~~~~~~~~~~~~~~~~~~~~~~~~~~~~~~~~~~~~~~~~~~~~~~~~[0m


[31m✘ [41;31m[[41;97mERROR[41;31m][0m [1mTS1160: Unterminated template literal.[0m [1m[35m[plugin angular-compiler][0m

    src/app/pages/breadcrumb/breadcrumb.ts:109:0:
[37m      109 │ [32m[37m
          ╵ [32m^[0m


[31m✘ [41;31m[[41;97mERROR[41;31m][0m [1mUnexpected ";"[0m

    src/app/pages/button-group/button-group.ts:4:16:
[37m      4 │     usageCode = [32m;[37m
        ╵                 [32m^[0m


[31m✘ [41;31m[[41;97mERROR[41;31m][0m [1mTS1127: Invalid character.[0m [1m[35m[plugin angular-compiler][0m

    src/app/pages/button-group/button-group.ts:96:14:
[37m      96 │   usageCode = [32m[37m\`import { HlmButtonGroupImports, HlmButtonImports }...
         ╵               [32m^[0m


[31m✘ [41;31m[[41;97mERROR[41;31m][0m [1mTS1068: Unexpected token. A constructor, method, accessor, or property was expected.[0m [1m[35m[plugin angular-compiler][0m

    src/app/pages/button-group/button-group.ts:96:15:
[37m      96 │ ...geCode = \[32m`import { HlmButtonGroupImports, HlmButtonImports } f[37m...
         ╵              [32m~~~~~~~~~~~~~~~~~~~~~~~~~~~~~~~~~~~~~~~~~~~~~~~~~~~~~[0m


[31m✘ [41;31m[[41;97mERROR[41;31m][0m [1mTS1160: Unterminated template literal.[0m [1m[35m[plugin angular-compiler][0m

    src/app/pages/button-group/button-group.ts:110:0:
[37m      110 │ [32m[37m
          ╵ [32m^[0m


[31m✘ [41;31m[[41;97mERROR[41;31m][0m [1mUnexpected ";"[0m

    src/app/pages/button/button.ts:4:16:
[37m      4 │     usageCode = [32m;[37m
        ╵                 [32m^[0m


[31m✘ [41;31m[[41;97mERROR[41;31m][0m [1mTS1127: Invalid character.[0m [1m[35m[plugin angular-compiler][0m

    src/app/pages/button/button.ts:108:14:
[37m      108 │   usageCode = [32m[37m\`import { HlmButtonImports } from '@spartan-ng/hel...
          ╵               [32m^[0m


[31m✘ [41;31m[[41;97mERROR[41;31m][0m [1mTS1068: Unexpected token. A constructor, method, accessor, or property was expected.[0m [1m[35m[plugin angular-compiler][0m

    src/app/pages/button/button.ts:108:15:
[37m      108 │ ...geCode = \[32m`import { HlmButtonImports } from '@spartan-ng/helm/[37m...
          ╵              [32m~~~~~~~~~~~~~~~~~~~~~~~~~~~~~~~~~~~~~~~~~~~~~~~~~~~~[0m


[31m✘ [41;31m[[41;97mERROR[41;31m][0m [1mTS1160: Unterminated template literal.[0m [1m[35m[plugin angular-compiler][0m

    src/app/pages/button/button.ts:118:0:
[37m      118 │ [32m[37m
          ╵ [32m^[0m


❯ Changes detected. Rebuilding...
✔ Changes detected. Rebuilding...
Application bundle generation failed. [0.248 seconds] - 2026-05-31T20:35:34.448Z

[31m✘ [41;31m[[41;97mERROR[41;31m][0m [1mUnexpected ";"[0m

    src/app/pages/breadcrumb/breadcrumb.ts:4:16:
[37m      4 │     usageCode = [32m;[37m
        ╵                 [32m^[0m


[31m✘ [41;31m[[41;97mERROR[41;31m][0m [1mTS1127: Invalid character.[0m [1m[35m[plugin angular-compiler][0m

    src/app/pages/breadcrumb/breadcrumb.ts:89:14:
[37m      89 │   usageCode = [32m[37m\`import { HlmBreadcrumbImports } from '@spartan-ng/...
         ╵               [32m^[0m


[31m✘ [41;31m[[41;97mERROR[41;31m][0m [1mTS1068: Unexpected token. A constructor, method, accessor, or property was expected.[0m [1m[35m[plugin angular-compiler][0m

    src/app/pages/breadcrumb/breadcrumb.ts:89:15:
[37m      89 │ ...geCode = \[32m`import { HlmBreadcrumbImports } from '@spartan-ng/he[37m...
         ╵              [32m~~~~~~~~~~~~~~~~~~~~~~~~~~~~~~~~~~~~~~~~~~~~~~~~~~~~~[0m


[31m✘ [41;31m[[41;97mERROR[41;31m][0m [1mTS1160: Unterminated template literal.[0m [1m[35m[plugin angular-compiler][0m

    src/app/pages/breadcrumb/breadcrumb.ts:109:0:
[37m      109 │ [32m[37m
          ╵ [32m^[0m


[31m✘ [41;31m[[41;97mERROR[41;31m][0m [1mUnexpected ";"[0m

    src/app/pages/button-group/button-group.ts:4:16:
[37m      4 │     usageCode = [32m;[37m
        ╵                 [32m^[0m


[31m✘ [41;31m[[41;97mERROR[41;31m][0m [1mTS1127: Invalid character.[0m [1m[35m[plugin angular-compiler][0m

    src/app/pages/button-group/button-group.ts:96:14:
[37m      96 │   usageCode = [32m[37m\`import { HlmButtonGroupImports, HlmButtonImports }...
         ╵               [32m^[0m


[31m✘ [41;31m[[41;97mERROR[41;31m][0m [1mTS1068: Unexpected token. A constructor, method, accessor, or property was expected.[0m [1m[35m[plugin angular-compiler][0m

    src/app/pages/button-group/button-group.ts:96:15:
[37m      96 │ ...geCode = \[32m`import { HlmButtonGroupImports, HlmButtonImports } f[37m...
         ╵              [32m~~~~~~~~~~~~~~~~~~~~~~~~~~~~~~~~~~~~~~~~~~~~~~~~~~~~~[0m


[31m✘ [41;31m[[41;97mERROR[41;31m][0m [1mTS1160: Unterminated template literal.[0m [1m[35m[plugin angular-compiler][0m

    src/app/pages/button-group/button-group.ts:110:0:
[37m      110 │ [32m[37m
          ╵ [32m^[0m


[31m✘ [41;31m[[41;97mERROR[41;31m][0m [1mUnexpected ";"[0m

    src/app/pages/button/button.ts:4:16:
[37m      4 │     usageCode = [32m;[37m
        ╵                 [32m^[0m


[31m✘ [41;31m[[41;97mERROR[41;31m][0m [1mTS1127: Invalid character.[0m [1m[35m[plugin angular-compiler][0m

    src/app/pages/button/button.ts:108:14:
[37m      108 │   usageCode = [32m[37m\`import { HlmButtonImports } from '@spartan-ng/hel...
          ╵               [32m^[0m


[31m✘ [41;31m[[41;97mERROR[41;31m][0m [1mTS1068: Unexpected token. A constructor, method, accessor, or property was expected.[0m [1m[35m[plugin angular-compiler][0m

    src/app/pages/button/button.ts:108:15:
[37m      108 │ ...geCode = \[32m`import { HlmButtonImports } from '@spartan-ng/helm/[37m...
          ╵              [32m~~~~~~~~~~~~~~~~~~~~~~~~~~~~~~~~~~~~~~~~~~~~~~~~~~~~[0m


[31m✘ [41;31m[[41;97mERROR[41;31m][0m [1mTS1160: Unterminated template literal.[0m [1m[35m[plugin angular-compiler][0m

    src/app/pages/button/button.ts:118:0:
[37m      118 │ [32m[37m
          ╵ [32m^[0m


❯ Changes detected. Rebuilding...
✔ Changes detected. Rebuilding...
Application bundle generation failed. [0.230 seconds] - 2026-05-31T20:36:00.694Z

[31m✘ [41;31m[[41;97mERROR[41;31m][0m [1mUnexpected ";"[0m

    src/app/pages/button-group/button-group.ts:4:16:
[37m      4 │     usageCode = [32m;[37m
        ╵                 [32m^[0m


[31m✘ [41;31m[[41;97mERROR[41;31m][0m [1mTS1127: Invalid character.[0m [1m[35m[plugin angular-compiler][0m

    src/app/pages/button-group/button-group.ts:96:14:
[37m      96 │   usageCode = [32m[37m\`import { HlmButtonGroupImports, HlmButtonImports }...
         ╵               [32m^[0m


[31m✘ [41;31m[[41;97mERROR[41;31m][0m [1mTS1068: Unexpected token. A constructor, method, accessor, or property was expected.[0m [1m[35m[plugin angular-compiler][0m

    src/app/pages/button-group/button-group.ts:96:15:
[37m      96 │ ...geCode = \[32m`import { HlmButtonGroupImports, HlmButtonImports } f[37m...
         ╵              [32m~~~~~~~~~~~~~~~~~~~~~~~~~~~~~~~~~~~~~~~~~~~~~~~~~~~~~[0m


[31m✘ [41;31m[[41;97mERROR[41;31m][0m [1mTS1160: Unterminated template literal.[0m [1m[35m[plugin angular-compiler][0m

    src/app/pages/button-group/button-group.ts:110:0:
[37m      110 │ [32m[37m
          ╵ [32m^[0m


[31m✘ [41;31m[[41;97mERROR[41;31m][0m [1mUnexpected ";"[0m

    src/app/pages/button/button.ts:4:16:
[37m      4 │     usageCode = [32m;[37m
        ╵                 [32m^[0m


[31m✘ [41;31m[[41;97mERROR[41;31m][0m [1mTS1127: Invalid character.[0m [1m[35m[plugin angular-compiler][0m

    src/app/pages/button/button.ts:108:14:
[37m      108 │   usageCode = [32m[37m\`import { HlmButtonImports } from '@spartan-ng/hel...
          ╵               [32m^[0m


[31m✘ [41;31m[[41;97mERROR[41;31m][0m [1mTS1068: Unexpected token. A constructor, method, accessor, or property was expected.[0m [1m[35m[plugin angular-compiler][0m

    src/app/pages/button/button.ts:108:15:
[37m      108 │ ...geCode = \[32m`import { HlmButtonImports } from '@spartan-ng/helm/[37m...
          ╵              [32m~~~~~~~~~~~~~~~~~~~~~~~~~~~~~~~~~~~~~~~~~~~~~~~~~~~~[0m


[31m✘ [41;31m[[41;97mERROR[41;31m][0m [1mTS1160: Unterminated template literal.[0m [1m[35m[plugin angular-compiler][0m

    src/app/pages/button/button.ts:118:0:
[37m      118 │ [32m[37m
          ╵ [32m^[0m


❯ Changes detected. Rebuilding...
✔ Changes detected. Rebuilding...
Application bundle generation failed. [0.594 seconds] - 2026-05-31T20:36:32.606Z

[31m✘ [41;31m[[41;97mERROR[41;31m][0m [1mUnexpected ";"[0m

    src/app/pages/button-group/button-group.ts:4:16:
[37m      4 │     usageCode = [32m;[37m
        ╵                 [32m^[0m


[31m✘ [41;31m[[41;97mERROR[41;31m][0m [1mTS1127: Invalid character.[0m [1m[35m[plugin angular-compiler][0m

    src/app/pages/button-group/button-group.ts:96:14:
[37m      96 │   usageCode = [32m[37m\`import { HlmButtonGroupImports, HlmButtonImports }...
         ╵               [32m^[0m


[31m✘ [41;31m[[41;97mERROR[41;31m][0m [1mTS1068: Unexpected token. A constructor, method, accessor, or property was expected.[0m [1m[35m[plugin angular-compiler][0m

    src/app/pages/button-group/button-group.ts:96:15:
[37m      96 │ ...geCode = \[32m`import { HlmButtonGroupImports, HlmButtonImports } f[37m...
         ╵              [32m~~~~~~~~~~~~~~~~~~~~~~~~~~~~~~~~~~~~~~~~~~~~~~~~~~~~~[0m


[31m✘ [41;31m[[41;97mERROR[41;31m][0m [1mTS1160: Unterminated template literal.[0m [1m[35m[plugin angular-compiler][0m

    src/app/pages/button-group/button-group.ts:110:0:
[37m      110 │ [32m[37m
          ╵ [32m^[0m


❯ Changes detected. Rebuilding...
✔ Changes detected. Rebuilding...
Initial chunk files | Names           | Raw size
main.js             | main            | 41.30 kB | 
styles.css          | styles          |  3.90 kB | 

                    | Initial total   | 45.21 kB

Lazy chunk files    | Names           | Raw size
chunk-R5UKFCOG.js   | button          | 14.97 kB | 
chunk-GKEONBRV.js   | typography      | 14.61 kB | 
chunk-DN2KNS5S.js   | autocomplete    | 13.56 kB | 
chunk-CTASIXBC.js   | accordion       | 12.44 kB | 
chunk-ECTH43BZ.js   | alert-dialog    | 12.32 kB | 
chunk-55VGGWJU.js   | button-group    | 11.96 kB | 
chunk-25DY4Z2Z.js   | avatar          | 11.71 kB | 
chunk-H7X7VGFR.js   | badge           | 11.67 kB | 
chunk-SUR4CFBZ.js   | alert           | 11.52 kB | 
chunk-QNPELR25.js   | breadcrumb      | 11.04 kB | 
chunk-L5SMJWZ7.js   | aspect-ratio    | 10.62 kB | 
chunk-35WM65PA.js   | introduction    |  8.27 kB | 
chunk-S34BH27P.js   | installation    |  7.36 kB | 
chunk-EVCBFQMH.js   | components-json |  7.27 kB | 
chunk-MONR73L7.js   | theming         |  6.14 kB | 
...and 1 more lazy chunks files. Use "--verbose" to show all the files.

Application bundle generation complete. [0.258 seconds] - 2026-05-31T20:37:01.006Z

Page reload sent to client(s).
❯ Changes detected. Rebuilding...
✔ Changes detected. Rebuilding...
Initial chunk files | Names  | Raw size
styles.css          | styles |  3.90 kB | 

Application bundle generation complete. [0.022 seconds] - 2026-05-31T20:41:21.844Z

Stylesheet update sent to client(s).
❯ Changes detected. Rebuilding...
✔ Changes detected. Rebuilding...
Application bundle generation failed. [3.280 seconds] - 2026-05-31T21:36:34.355Z

[31m✘ [41;31m[[41;97mERROR[41;31m][0m [1mNG5002: Invalid ICU message. Missing '}'.[0m [1m[35m[plugin angular-compiler][0m

    src/app/pages/carousel/carousel.ts:40:2:
[37m      40 │   [32m`[37m,
         ╵   [32m^[0m


[31m✘ [41;31m[[41;97mERROR[41;31m][0m [1mNG5002: Unexpected character "EOF" (Do you have an unescaped "{" in your template? Use "{{ '{' }}") to escape it.)[0m [1m[35m[plugin angular-compiler][0m

    src/app/pages/carousel/carousel.ts:40:2:
[37m      40 │   [32m`[37m,
         ╵   [32m^[0m


[31m✘ [41;31m[[41;97mERROR[41;31m][0m [1mNG5002: Invalid ICU message. Missing '}'.[0m [1m[35m[plugin angular-compiler][0m

    src/app/pages/chart/chart.ts:46:2:
[37m      46 │   [32m`[37m,
         ╵   [32m^[0m


[31m✘ [41;31m[[41;97mERROR[41;31m][0m [1mNG5002: Unexpected character "EOF" (Do you have an unescaped "{" in your template? Use "{{ '{' }}") to escape it.)[0m [1m[35m[plugin angular-compiler][0m

    src/app/pages/chart/chart.ts:46:2:
[37m      46 │   [32m`[37m,
         ╵   [32m^[0m


[31m✘ [41;31m[[41;97mERROR[41;31m][0m [1mTS1005: ';' expected.[0m [1m[35m[plugin angular-compiler][0m

    src/app/pages/dialog/dialog.ts:81:499:
[37m      81 │ ...-header>\\n        <div class="[32mpy[37m-4">Your content here...</div>...
         ╵                                   [32m~~[0m


[31m✘ [41;31m[[41;97mERROR[41;31m][0m [1mTS7008: Member 'py' implicitly has an 'any' type.[0m [1m[35m[plugin angular-compiler][0m

    src/app/pages/dialog/dialog.ts:81:499:
[37m      81 │ ...-header>\\n        <div class="[32mpy[37m-4">Your content here...</div>...
         ╵                                   [32m~~[0m


[31m✘ [41;31m[[41;97mERROR[41;31m][0m [1mTS1068: Unexpected token. A constructor, method, accessor, or property was expected.[0m [1m[35m[plugin angular-compiler][0m

    src/app/pages/dialog/dialog.ts:81:501:
[37m      81 │ ...eader>\\n        <div class="py[32m-[37m4">Your content here...</div>\\...
         ╵                                   [32m^[0m


[31m✘ [41;31m[[41;97mERROR[41;31m][0m [1mTS1005: ';' expected.[0m [1m[35m[plugin angular-compiler][0m

    src/app/pages/dialog/dialog.ts:81:503:
[37m      81 │ ...lass="py-4[32m">Your content here...</div>\\n        <hlm-dialog-fo[37m...
         ╵              [32m~~~~~~~~~~~~~~~~~~~~~~~~~~~~~~~~~~~~~~~~~~~~~~~~~~~~~[0m


[31m✘ [41;31m[[41;97mERROR[41;31m][0m [1mTS1128: Declaration or statement expected.[0m [1m[35m[plugin angular-compiler][0m

    src/app/pages/dialog/dialog.ts:82:0:
[37m      82 │ [32m}[37m
         ╵ [32m^[0m


❯ Changes detected. Rebuilding...
✔ Changes detected. Rebuilding...
Application bundle generation failed. [4.246 seconds] - 2026-05-31T22:03:13.733Z

[31m✘ [41;31m[[41;97mERROR[41;31m][0m [1mNG5002: Invalid ICU message. Missing '}'.[0m [1m[35m[plugin angular-compiler][0m

    src/app/pages/carousel/carousel.ts:40:2:
[37m      40 │   [32m`[37m,
         ╵   [32m^[0m


[31m✘ [41;31m[[41;97mERROR[41;31m][0m [1mNG5002: Unexpected character "EOF" (Do you have an unescaped "{" in your template? Use "{{ '{' }}") to escape it.)[0m [1m[35m[plugin angular-compiler][0m

    src/app/pages/carousel/carousel.ts:40:2:
[37m      40 │   [32m`[37m,
         ╵   [32m^[0m


[31m✘ [41;31m[[41;97mERROR[41;31m][0m [1mNG5002: Invalid ICU message. Missing '}'.[0m [1m[35m[plugin angular-compiler][0m

    src/app/pages/chart/chart.ts:46:2:
[37m      46 │   [32m`[37m,
         ╵   [32m^[0m


[31m✘ [41;31m[[41;97mERROR[41;31m][0m [1mNG5002: Unexpected character "EOF" (Do you have an unescaped "{" in your template? Use "{{ '{' }}") to escape it.)[0m [1m[35m[plugin angular-compiler][0m

    src/app/pages/chart/chart.ts:46:2:
[37m      46 │   [32m`[37m,
         ╵   [32m^[0m


❯ Changes detected. Rebuilding...
✔ Changes detected. Rebuilding...
Application bundle generation failed. [2.901 seconds] - 2026-05-31T22:03:45.660Z

[31m✘ [41;31m[[41;97mERROR[41;31m][0m [1mNG5002: Parser Error: Unexpected token '{' at column 6 in [ '{' {{ '}' ] in /home/matheusmoraesgemini2024/AgentWeb/docs-app/src/app/pages/carousel/carousel.ts@34:37[0m [1m[35m[plugin angular-compiler][0m

    src/app/pages/carousel/carousel.ts:35:37:
[37m      35 │ ...v class="api-col"><code>[32m{{ '{' {{ '}' }}[37m{{ '}' }}{{ '}' }}</cod...
         ╵                            [32m~~~~~~~~~~~~~~~~[0m


[31m✘ [41;31m[[41;97mERROR[41;31m][0m [1mNG5002: Parser Error: Unexpected token '{' at column 6 in [ '{' {{ '}' ] in /home/matheusmoraesgemini2024/AgentWeb/docs-app/src/app/pages/chart/chart.ts@39:37[0m [1m[35m[plugin angular-compiler][0m

    src/app/pages/chart/chart.ts:40:37:
[37m      40 │ ...v class="api-col"><code>[32m{{ '{' {{ '}' }}[37m{{ '}' }}width: number,...
         ╵                            [32m~~~~~~~~~~~~~~~~[0m


[31m✘ [41;31m[[41;97mERROR[41;31m][0m [1mNG5002: Parser Error: Unexpected token '{' at column 6 in [ '{' {{ '}' ] in /home/matheusmoraesgemini2024/AgentWeb/docs-app/src/app/pages/chart/chart.ts@40:37[0m [1m[35m[plugin angular-compiler][0m

    src/app/pages/chart/chart.ts:41:37:
[37m      41 │ ...v class="api-col"><code>[32m{{ '{' {{ '}' }}[37m{{ '}' }}width: 320, he...
         ╵                            [32m~~~~~~~~~~~~~~~~[0m


❯ Changes detected. Rebuilding...
✔ Changes detected. Rebuilding...
Initial chunk files | Names         | Raw size
main.js             | main          | 65.22 kB | 
styles.css          | styles        |  3.90 kB | 

                    | Initial total | 69.13 kB

Lazy chunk files    | Names         | Raw size
chunk-R5UKFCOG.js   | button        | 14.97 kB | 
chunk-GKEONBRV.js   | typography    | 14.61 kB | 
chunk-DN2KNS5S.js   | autocomplete  | 13.56 kB | 
chunk-CTASIXBC.js   | accordion     | 12.44 kB | 
chunk-ECTH43BZ.js   | alert-dialog  | 12.32 kB | 
chunk-55VGGWJU.js   | button-group  | 11.96 kB | 
chunk-25DY4Z2Z.js   | avatar        | 11.71 kB | 
chunk-H7X7VGFR.js   | badge         | 11.67 kB | 
chunk-SUR4CFBZ.js   | alert         | 11.52 kB | 
chunk-QNPELR25.js   | breadcrumb    | 11.04 kB | 
chunk-L5SMJWZ7.js   | aspect-ratio  | 10.62 kB | 
chunk-ZXTXL5V2.js   | chart         |  9.55 kB | 
chunk-6T45YKGL.js   | data-table    |  9.43 kB | 
chunk-OENPV3AE.js   | calendar      |  9.43 kB | 
chunk-6S4IAFP5.js   | checkbox      |  9.36 kB | 
...and 48 more lazy chunks files. Use "--verbose" to show all the files.

Application bundle generation complete. [2.761 seconds] - 2026-05-31T22:04:15.630Z

Page reload sent to client(s).
